// Jest Snapshot v1, https://goo.gl/fbAQLP

exports[`renders List.js correctly 1`] = `
<main>
  <article>
    <section>
      <form
        onSubmit={[Function]}
      >
        <input
          onChange={[Function]}
          type="text"
          value=""
        />
        <button>
          Search
        </button>
        <label>
          Per Page:
          <select>
            <option>
              10
            </option>
            <option>
              10
            </option>
            <option>
              20
            </option>
            <option>
              100
            </option>
          </select>
        </label>
      </form>
    </section>
  </article>
  <article>
    <ul />
  </article>
  <article>
    <section>
      <button
        disabled={true}
        onClick={[Function]}
      >
        ←
      </button>
      <button
        disabled={true}
        onClick={[Function]}
      >
        →
      </button>
    </section>
  </article>
</main>
`;
