// Jest Snapshot v1, https://goo.gl/fbAQLP

exports[`renders App.js correctly 1`] = `
<div
  className="App"
>
  <div />
  <main>
    <article>
      <section>
        <form
          onSubmit={[Function]}
        >
          <input
            onChange={[Function]}
            type="text"
            value=""
          />
          <button>
            Search
          </button>
          <label>
            Per Page:
            <select
              onChange={[Function]}
            >
              <option>
                10
              </option>
              <option>
                20
              </option>
              <option>
                50
              </option>
              <option>
                100
              </option>
            </select>
          </label>
        </form>
      </section>
    </article>
    <article>
      <ul>
        Loading
      </ul>
    </article>
    <article>
      <section>
        <button
          disabled={true}
          onClick={[Function]}
        >
          ←
        </button>
        <button
          disabled={true}
          onClick={[Function]}
        >
          →
        </button>
      </section>
    </article>
  </main>
</div>
`;
