// Jest Snapshot v1, https://goo.gl/fbAQLP

exports[`renders App.js correctly 1`] = `
<div
  className="App"
>
  <header>
    <h1>
      Guardian Reader
    </h1>
  </header>
  <main>
    <article
      className="search-container"
    >
      <section
        className="search-section"
      >
        <form
          onSubmit={[Function]}
        >
          <div
            className="search-div"
          >
            <input
              onChange={[Function]}
              type="text"
              value=""
            />
            <button>
              Search
            </button>
          </div>
          <div
            className="per-page-div"
          >
            <label>
              Articles Per Page:
              <select
                onChange={[Function]}
              >
                <option>
                  10
                </option>
                <option>
                  20
                </option>
                <option>
                  50
                </option>
                <option>
                  100
                </option>
              </select>
            </label>
          </div>
        </form>
      </section>
    </article>
    <article
      className="list-container"
    >
      <ul>
        Loading
      </ul>
    </article>
  </main>
</div>
`;
